Archive member included to satisfy reference by file (symbol)

c:/mounriver/mounriver_studio/toolchain/risc-v embedded gcc/bin/../lib/gcc/riscv-none-embed/8.2.0/../../../../riscv-none-embed/lib/rv32imac/ilp32\libm.a(lib_a-s_floor.o)
                              ./Hardware/PCA9685_USE.o (floor)
c:/mounriver/mounriver_studio/toolchain/risc-v embedded gcc/bin/../lib/gcc/riscv-none-embed/8.2.0/rv32imac/ilp32\libgcc.a(adddf3.o)
                              ./Hardware/PCA9685_USE.o (__adddf3)
c:/mounriver/mounriver_studio/toolchain/risc-v embedded gcc/bin/../lib/gcc/riscv-none-embed/8.2.0/rv32imac/ilp32\libgcc.a(divdf3.o)
                              ./Hardware/PCA9685_USE.o (__divdf3)
c:/mounriver/mounriver_studio/toolchain/risc-v embedded gcc/bin/../lib/gcc/riscv-none-embed/8.2.0/rv32imac/ilp32\libgcc.a(gedf2.o)
                              c:/mounriver/mounriver_studio/toolchain/risc-v embedded gcc/bin/../lib/gcc/riscv-none-embed/8.2.0/../../../../riscv-none-embed/lib/rv32imac/ilp32\libm.a(lib_a-s_floor.o) (__gtdf2)
c:/mounriver/mounriver_studio/toolchain/risc-v embedded gcc/bin/../lib/gcc/riscv-none-embed/8.2.0/rv32imac/ilp32\libgcc.a(muldf3.o)
                              ./Hardware/PCA9685_USE.o (__muldf3)
c:/mounriver/mounriver_studio/toolchain/risc-v embedded gcc/bin/../lib/gcc/riscv-none-embed/8.2.0/rv32imac/ilp32\libgcc.a(subdf3.o)
                              ./Hardware/PCA9685_USE.o (__subdf3)
c:/mounriver/mounriver_studio/toolchain/risc-v embedded gcc/bin/../lib/gcc/riscv-none-embed/8.2.0/rv32imac/ilp32\libgcc.a(fixunsdfsi.o)
                              ./Hardware/PCA9685_USE.o (__fixunsdfsi)
c:/mounriver/mounriver_studio/toolchain/risc-v embedded gcc/bin/../lib/gcc/riscv-none-embed/8.2.0/rv32imac/ilp32\libgcc.a(floatsidf.o)
                              ./Hardware/PCA9685_USE.o (__floatsidf)
c:/mounriver/mounriver_studio/toolchain/risc-v embedded gcc/bin/../lib/gcc/riscv-none-embed/8.2.0/rv32imac/ilp32\libgcc.a(addsf3.o)
                              ./User/main.o (__addsf3)
c:/mounriver/mounriver_studio/toolchain/risc-v embedded gcc/bin/../lib/gcc/riscv-none-embed/8.2.0/rv32imac/ilp32\libgcc.a(mulsf3.o)
                              ./User/main.o (__mulsf3)
c:/mounriver/mounriver_studio/toolchain/risc-v embedded gcc/bin/../lib/gcc/riscv-none-embed/8.2.0/rv32imac/ilp32\libgcc.a(fixunssfsi.o)
                              ./User/main.o (__fixunssfsi)
c:/mounriver/mounriver_studio/toolchain/risc-v embedded gcc/bin/../lib/gcc/riscv-none-embed/8.2.0/rv32imac/ilp32\libgcc.a(floatsisf.o)
                              ./User/main.o (__floatsisf)
c:/mounriver/mounriver_studio/toolchain/risc-v embedded gcc/bin/../lib/gcc/riscv-none-embed/8.2.0/rv32imac/ilp32\libgcc.a(floatunsisf.o)
                              ./User/main.o (__floatunsisf)
c:/mounriver/mounriver_studio/toolchain/risc-v embedded gcc/bin/../lib/gcc/riscv-none-embed/8.2.0/rv32imac/ilp32\libgcc.a(extendsfdf2.o)
                              ./Hardware/PCA9685_USE.o (__extendsfdf2)
c:/mounriver/mounriver_studio/toolchain/risc-v embedded gcc/bin/../lib/gcc/riscv-none-embed/8.2.0/rv32imac/ilp32\libgcc.a(truncdfsf2.o)
                              ./Hardware/PCA9685_USE.o (__truncdfsf2)
c:/mounriver/mounriver_studio/toolchain/risc-v embedded gcc/bin/../lib/gcc/riscv-none-embed/8.2.0/rv32imac/ilp32\libgcc.a(_clzsi2.o)
                              c:/mounriver/mounriver_studio/toolchain/risc-v embedded gcc/bin/../lib/gcc/riscv-none-embed/8.2.0/rv32imac/ilp32\libgcc.a(adddf3.o) (__clzsi2)
c:/mounriver/mounriver_studio/toolchain/risc-v embedded gcc/bin/../lib/gcc/riscv-none-embed/8.2.0/rv32imac/ilp32\libgcc.a(_clz.o)
                              c:/mounriver/mounriver_studio/toolchain/risc-v embedded gcc/bin/../lib/gcc/riscv-none-embed/8.2.0/rv32imac/ilp32\libgcc.a(_clzsi2.o) (__clz_tab)
c:/mounriver/mounriver_studio/toolchain/risc-v embedded gcc/bin/../lib/gcc/riscv-none-embed/8.2.0/../../../../riscv-none-embed/lib/rv32imac/ilp32\libg_nano.a(lib_a-memset.o)
                              ./User/main.o (memset)
c:/mounriver/mounriver_studio/toolchain/risc-v embedded gcc/bin/../lib/gcc/riscv-none-embed/8.2.0/../../../../riscv-none-embed/lib/rv32imac/ilp32\libg_nano.a(lib_a-printf.o)
                              ./User/main.o (printf)
c:/mounriver/mounriver_studio/toolchain/risc-v embedded gcc/bin/../lib/gcc/riscv-none-embed/8.2.0/../../../../riscv-none-embed/lib/rv32imac/ilp32\libg_nano.a(lib_a-puts.o)
                              ./User/main.o (puts)
c:/mounriver/mounriver_studio/toolchain/risc-v embedded gcc/bin/../lib/gcc/riscv-none-embed/8.2.0/../../../../riscv-none-embed/lib/rv32imac/ilp32\libg_nano.a(lib_a-strcmp.o)
                              ./User/main.o (strcmp)
c:/mounriver/mounriver_studio/toolchain/risc-v embedded gcc/bin/../lib/gcc/riscv-none-embed/8.2.0/../../../../riscv-none-embed/lib/rv32imac/ilp32\libg_nano.a(lib_a-wbuf.o)
[...]
Memory Configuration

Name             Origin             Length             Attributes
FLASH            0x0000000000000000 0x0000000000048000 xr
RAM              0x0000000020000000 0x0000000000008000 xrw
*default*        0x0000000000000000 0xffffffffffffffff

Linker script and memory map

LOAD ./User/ch32v30x_it.o
LOAD ./User/main.o
LOAD ./User/system_ch32v30x.o
LOAD ./Startup/startup_ch32v30x_D8C.o
LOAD ./Peripheral/src/ch32v30x_adc.o
LOAD ./Peripheral/src/ch32v30x_bkp.o
LOAD ./Peripheral/src/ch32v30x_can.o
LOAD ./Peripheral/src/ch32v30x_crc.o
LOAD ./Peripheral/src/ch32v30x_dac.o
LOAD ./Peripheral/src/ch32v30x_dbgmcu.o
LOAD ./Peripheral/src/ch32v30x_dma.o
LOAD ./Peripheral/src/ch32v30x_dvp.o
LOAD ./Peripheral/src/ch32v30x_eth.o
LOAD ./Peripheral/src/ch32v30x_exti.o
LOAD ./Peripheral/src/ch32v30x_flash.o
LOAD ./Peripheral/src/ch32v30x_fsmc.o
LOAD ./Peripheral/src/ch32v30x_gpio.o
LOAD ./Peripheral/src/ch32v30x_i2c.o
LOAD ./Peripheral/src/ch32v30x_iwdg.o
LOAD ./Peripheral/src/ch32v30x_misc.o
LOAD ./Peripheral/src/ch32v30x_opa.o
LOAD ./Peripheral/src/ch32v30x_pwr.o
LOAD ./Peripheral/src/ch32v30x_rcc.o
LOAD ./Peripheral/src/ch32v30x_rng.o
LOAD ./Peripheral/src/ch32v30x_rtc.o
LOAD ./Peripheral/src/ch32v30x_sdio.o
LOAD ./Peripheral/src/ch32v30x_spi.o
LOAD ./Peripheral/src/ch32v30x_tim.o
LOAD ./Peripheral/src/ch32v30x_usart.o
LOAD ./Peripheral/src/ch32v30x_wwdg.o
LOAD ./Hardware/Interrupt_Init.o
LOAD ./Hardware/Motor.o
LOAD ./Hardware/PCA9685_Init.o
LOAD ./Hardware/PCA9685_USE.o
LOAD ./Hardware/Usart.o
LOAD ./Debug/debug.o
LOAD ./Core/core_riscv.o
LOAD c:/mounriver/mounriver_studio/toolchain/risc-v embedded gcc/bin/../lib/gcc/riscv-none-embed/8.2.0/../../../../riscv-none-embed/lib/rv32imac/ilp32\libm.a
LOAD c:/mounriver/mounriver_studio/toolchain/risc-v embedded gcc/bin/../lib/gcc/riscv-none-embed/8.2.0/rv32imac/ilp32\libgcc.a
LOAD c:/mounriver/mounriver_studio/toolchain/risc-v embedded gcc/bin/../lib/gcc/riscv-none-embed/8.2.0/../../../../riscv-none-embed/lib/rv32imac/ilp32\libg_nano.a
LOAD c:/mounriver/mounriver_studio/toolchain/risc-v embedded gcc/bin/../lib/gcc/riscv-none-embed/8.2.0/../../../../riscv-none-embed/lib/rv32imac/ilp32\libc_nano.a
LOAD c:/mounriver/mounriver_studio/toolchain/risc-v embedded gcc/bin/../lib/gcc/riscv-none-embed/8.2.0/rv32imac/ilp32\libgcc.a
START GROUP
LOAD c:/mounriver/mounriver_studio/toolchain/risc-v embedded gcc/bin/../lib/gcc/riscv-none-embed/8.2.0/rv32imac/ilp32\libgcc.a
LOAD c:/mounriver/mounriver_studio/toolchain/risc-v embedded gcc/bin/../lib/gcc/riscv-none-embed/8.2.0/../../../../riscv-none-embed/lib/rv32imac/ilp32\libc_nano.a
LOAD c:/mounriver/mounriver_studio/toolchain/risc-v embedded gcc/bin/../lib/gcc/riscv-none-embed/8.2.0/../../../../riscv-none-embed/lib/rv32imac/ilp32\libnosys.a
END GROUP
START GROUP
LOAD c:/mounriver/mounriver_studio/toolchain/risc-v embedded gcc/bin/../lib/gcc/riscv-none-embed/8.2.0/rv32imac/ilp32\libgcc.a
LOAD c:/mounriver/mounriver_studio/toolchain/risc-v embedded gcc/bin/../lib/gcc/riscv-none-embed/8.2.0/../../../../riscv-none-embed/lib/rv32imac/ilp32\libc_nano.a
LOAD c:/mounriver/mounriver_studio/toolchain/risc-v embedded gcc/bin/../lib/gcc/riscv-none-embed/8.2.0/../../../../riscv-none-embed/lib/rv32imac/ilp32\libnosys.a
END GROUP
                0x0000000000000800                __stack_size = 0x800
                [!provide]                        PROVIDE (_stack_size = __stack_size)

.init           0x0000000000000000       0x38
                0x0000000000000000                _sinit = .
                0x0000000000000000                . = ALIGN (0x4)
 *(SORT_NONE(.init))
 .init          0x0000000000000000       0x38 ./Startup/startup_ch32v30x_D8C.o
                0x0000000000000000                _start
                0x0000000000000038                . = ALIGN (0x4)
                0x0000000000000038                _einit = .

.vector         0x0000000000000038      0x1c8
 *(.vector)
 .vector        0x0000000000000038      0x1a0 ./Startup/startup_ch32v30x_D8C.o
                0x0000000000000200                . = ALIGN (0x40)
 *fill*         0x00000000000001d8       0x28 

.text           0x0000000000000200     0x61f4
                0x0000000000000200                . = ALIGN (0x4)
 *(.text)
 .text          0x0000000000000200       0xa8 c:/mounriver/mounriver_studio/toolchain/risc-v embedded gcc/bin/../lib/gcc/riscv-none-embed/8.2.0/../../../../riscv-none-embed/lib/rv32imac/ilp32\libg_nano.a(lib_a-memset.o)
                0x0000000000000200                memset
 .text          0x00000000000002a8      0x11e c:/mounriver/mounriver_studio/toolchain/risc-v embedded gcc/bin/../lib/gcc/riscv-none-embed/8.2.0/../../../../riscv-none-embed/lib/rv32imac/ilp32\libg_nano.a(lib_a-strcmp.o)
                0x00000000000002a8                strcmp
 *(.text.*)
 .text.NMI_Handler
                0x00000000000003c6        0x4 ./User/ch32v30x_it.o
                0x00000000000003c6                NMI_Handler
 .text.HardFault_Handler
                0x00000000000003ca        0x2 ./User/ch32v30x_it.o
                0x00000000000003ca                HardFault_Handler
 .text.Write_Server
                0x00000000000003cc       0x8a ./User/main.o
                0x00000000000003cc                Write_Server
 .text.Delay_Init_L610
                0x0000000000000456      0x13e ./User/main.o
                0x0000000000000456                Delay_Init_L610
 .text.Receive_Usart
                0x0000000000000594       0xae ./User/main.o
                0x0000000000000594                Receive_Usart
 .text.Motor_Y_Move
                0x0000000000000642       0xdc ./User/main.o
                0x0000000000000642                Motor_Y_Move
 .text.Motor_Move
                0x000000000000071e       0xce ./User/main.o
                0x000000000000071e                Motor_Move
 .text.Delay_Init_Motor_X
                0x00000000000007ec       0xb4 ./User/main.o
                0x00000000000007ec                Delay_Init_Motor_X
 .text.Delay_Init_Motor_Y
                0x00000000000008a0       0xc2 ./User/main.o
                0x00000000000008a0                Delay_Init_Motor_Y
 .text.My_Init  0x0000000000000962       0x28 ./User/main.o
                0x0000000000000962                My_Init
 .text.startup.main
                0x000000000000098a       0xb6 ./User/main.o
                0x000000000000098a                main
 .text.USART2_IRQHandler
                0x0000000000000a40      0x106 ./User/main.o
                0x0000000000000a40                USART2_IRQHandler
 .text.EXTI0_IRQHandler
                0x0000000000000b46       0x60 ./User/main.o
                0x0000000000000b46                EXTI0_IRQHandler
 .text.EXTI1_IRQHandler
                0x0000000000000ba6       0x68 ./User/main.o
                0x0000000000000ba6                EXTI1_IRQHandler
 .text.EXTI2_IRQHandler
                0x0000000000000c0e       0x62 ./User/main.o
                0x0000000000000c0e                EXTI2_IRQHandler
 .text.EXTI3_IRQHandler
                0x0000000000000c70       0x7a ./User/main.o
                0x0000000000000c70                EXTI3_IRQHandler
 .text.TIM1_UP_IRQHandler
                0x0000000000000cea       0x30 ./User/main.o
                0x0000000000000cea                TIM1_UP_IRQHandler
 .text.TIM8_UP_IRQHandler
                0x0000000000000d1a       0x30 ./User/main.o
                0x0000000000000d1a                TIM8_UP_IRQHandler
 .text.SystemInit
                0x0000000000000d4a       0xfa ./User/system_ch32v30x.o
                0x0000000000000d4a                SystemInit
 .text.vector_handler
                0x0000000000000e44       0xbe ./Startup/startup_ch32v30x_D8C.o
                0x0000000000000e48                Ecall_M_Mode_Handler
                0x0000000000000e4a                Ecall_U_Mode_Handler
                0x0000000000000e4c                Break_Point_Handler
                0x0000000000000e4e                SysTick_Handler
                0x0000000000000e50                SW_Handler
                0x0000000000000e52                WWDG_IRQHandler
                0x0000000000000e54                PVD_IRQHandler
                0x0000000000000e56                TAMPER_IRQHandler
                0x0000000000000e58                RTC_IRQHandler
                0x0000000000000e5a                FLASH_IRQHandler
                0x0000000000000e5c                RCC_IRQHandler
                0x0000000000000e66                EXTI4_IRQHandler
                0x0000000000000e68                DMA1_Channel1_IRQHandler
                0x0000000000000e6a                DMA1_Channel2_IRQHandler
                0x0000000000000e6c                DMA1_Channel3_IRQHandler
                0x0000000000000e6e                DMA1_Channel4_IRQHandler
                0x0000000000000e70                DMA1_Channel5_IRQHandler
                0x0000000000000e72                DMA1_Channel6_IRQHandler
                0x0000000000000e74                DMA1_Channel7_IRQHandler
                0x0000000000000e76                ADC1_2_IRQHandler
                0x0000000000000e78                USB_HP_CAN1_TX_IRQHandler
                0x0000000000000e7a                USB_LP_CAN1_RX0_IRQHandler
                0x0000000000000e7c                CAN1_RX1_IRQHandler
                0x0000000000000e7e                CAN1_SCE_IRQHandler
                0x0000000000000e80                EXTI9_5_IRQHandler
                0x0000000000000e82                TIM1_BRK_IRQHandler
                0x0000000000000e86                TIM1_TRG_COM_IRQHandler
                0x0000000000000e88                TIM1_CC_IRQHandler
                0x0000000000000e8a                TIM2_IRQHandler
                0x0000000000000e8c                TIM3_IRQHandler
                0x0000000000000e8e                TIM4_IRQHandler
                0x0000000000000e90                I2C1_EV_IRQHandler
                0x0000000000000e92                I2C1_ER_IRQHandler
                0x0000000000000e94                I2C2_EV_IRQHandler
                0x0000000000000e96                I2C2_ER_IRQHandler
                0x0000000000000e98                SPI1_IRQHandler
                0x0000000000000e9a                SPI2_IRQHandler
                0x0000000000000e9c                USART1_IRQHandler
                0x0000000000000ea0                USART3_IRQHandler
                0x0000000000000ea2                EXTI15_10_IRQHandler
                0x0000000000000ea4                RTCAlarm_IRQHandler
                0x0000000000000ea6                USBWakeUp_IRQHandler
                0x0000000000000ea8                TIM8_BRK_IRQHandler
                0x0000000000000eac                TIM8_TRG_COM_IRQHandler
                0x0000000000000eae                TIM8_CC_IRQHandler
                0x0000000000000eb0                RNG_IRQHandler
                0x0000000000000eb2                FSMC_IRQHandler
                0x0000000000000eb4                SDIO_IRQHandler
                0x0000000000000eb6                TIM5_IRQHandler
                0x0000000000000eb8                SPI3_IRQHandler
                0x0000000000000eba                UART4_IRQHandler
                0x0000000000000ebc                UART5_IRQHandler
                0x0000000000000ebe                TIM6_IRQHandler
                0x0000000000000ec0                TIM7_IRQHandler
                0x0000000000000ec2                DMA2_Channel1_IRQHandler
                0x0000000000000ec4                DMA2_Channel2_IRQHandler
                0x0000000000000ec6                DMA2_Channel3_IRQHandler
                0x0000000000000ec8                DMA2_Channel4_IRQHandler
                0x0000000000000eca                DMA2_Channel5_IRQHandler
                0x0000000000000ecc                ETH_IRQHandler
                0x0000000000000ece                ETH_WKUP_IRQHandler
                0x0000000000000ed0                CAN2_TX_IRQHandler
                0x0000000000000ed2                CAN2_RX0_IRQHandler
                0x0000000000000ed4                CAN2_RX1_IRQHandler
                0x0000000000000ed6                CAN2_SCE_IRQHandler
                0x0000000000000ed8                OTG_FS_IRQHandler
                0x0000000000000eda                USBHSWakeup_IRQHandler
                0x0000000000000edc                USBHS_IRQHandler
                0x0000000000000ede                DVP_IRQHandler
                0x0000000000000ee0                UART6_IRQHandler
                0x0000000000000ee2                UART7_IRQHandler
                0x0000000000000ee4                UART8_IRQHandler
                0x0000000000000ee6                TIM9_BRK_IRQHandler
                0x0000000000000ee8                TIM9_UP_IRQHandler
                0x0000000000000eea                TIM9_TRG_COM_IRQHandler
                0x0000000000000eec                TIM9_CC_IRQHandler
                0x0000000000000eee                TIM10_BRK_IRQHandler
                0x0000000000000ef0                TIM10_UP_IRQHandler
                0x0000000000000ef2                TIM10_TRG_COM_IRQHandler
                0x0000000000000ef4                TIM10_CC_IRQHandler
                0x0000000000000ef6                DMA2_Channel6_IRQHandler
                0x0000000000000ef8                DMA2_Channel7_IRQHandler
                0x0000000000000efa                DMA2_Channel8_IRQHandler
                0x0000000000000efc                DMA2_Channel9_IRQHandler
                0x0000000000000efe                DMA2_Channel10_IRQHandler
                0x0000000000000f00                DMA2_Channel11_IRQHandler
 .text.handle_reset
                0x0000000000000f02       0x8a ./Startup/startup_ch32v30x_D8C.o
                0x0000000000000f02                handle_reset
 .text.EXTI_Init
                0x0000000000000f8c       0x6a ./Peripheral/src/ch32v30x_exti.o
                0x0000000000000f8c                EXTI_Init
 .text.EXTI_GetITStatus
                0x0000000000000ff6       0x1e ./Peripheral/src/ch32v30x_exti.o
                0x0000000000000ff6                EXTI_GetITStatus
 .text.EXTI_ClearITPendingBit
                0x0000000000001014        0xa ./Peripheral/src/ch32v30x_exti.o
                0x0000000000001014                EXTI_ClearITPendingBit
 .text.GPIO_Init
                0x000000000000101e       0xc2 ./Peripheral/src/ch32v30x_gpio.o
                0x000000000000101e                GPIO_Init
 .text.GPIO_ReadInputDataBit
                0x00000000000010e0        0xa ./Peripheral/src/ch32v30x_gpio.o
                0x00000000000010e0                GPIO_ReadInputDataBit
 .text.GPIO_WriteBit
                0x00000000000010ea        0xa ./Peripheral/src/ch32v30x_gpio.o
                0x00000000000010ea                GPIO_WriteBit
 .text.GPIO_PinRemapConfig
                0x00000000000010f4       0xc4 ./Peripheral/src/ch32v30x_gpio.o
                0x00000000000010f4                GPIO_PinRemapConfig
 .text.GPIO_EXTILineConfig
                0x00000000000011b8       0x2c ./Peripheral/src/ch32v30x_gpio.o
                0x00000000000011b8                GPIO_EXTILineConfig
 .text.I2C_Init
                0x00000000000011e4      0x11a ./Peripheral/src/ch32v30x_i2c.o
                0x00000000000011e4                I2C_Init
 .text.I2C_Cmd  0x00000000000012fe       0x1c ./Peripheral/src/ch32v30x_i2c.o
                0x00000000000012fe                I2C_Cmd
 .text.I2C_GenerateSTART
                0x000000000000131a       0x1e ./Peripheral/src/ch32v30x_i2c.o
                0x000000000000131a                I2C_GenerateSTART
 .text.I2C_GenerateSTOP
                0x0000000000001338       0x1e ./Peripheral/src/ch32v30x_i2c.o
                0x0000000000001338                I2C_GenerateSTOP
 .text.I2C_AcknowledgeConfig
                0x0000000000001356       0x1e ./Peripheral/src/ch32v30x_i2c.o
                0x0000000000001356                I2C_AcknowledgeConfig
 .text.I2C_SendData
                0x0000000000001374        0x6 ./Peripheral/src/ch32v30x_i2c.o
                0x0000000000001374                I2C_SendData
 .text.I2C_ReceiveData
                0x000000000000137a        0xa ./Peripheral/src/ch32v30x_i2c.o
                0x000000000000137a                I2C_ReceiveData
 .text.I2C_Send7bitAddress
                0x0000000000001384       0x14 ./Peripheral/src/ch32v30x_i2c.o
                0x0000000000001384                I2C_Send7bitAddress
 .text.I2C_CheckEvent
                0x0000000000001398       0x1a ./Peripheral/src/ch32v30x_i2c.o
                0x0000000000001398                I2C_CheckEvent
 .text.I2C_GetFlagStatus
                0x00000000000013b2       0x32 ./Peripheral/src/ch32v30x_i2c.o
                0x00000000000013b2                I2C_GetFlagStatus
 .text.NVIC_PriorityGroupConfig
                0x00000000000013e4        0x6 ./Peripheral/src/ch32v30x_misc.o
                0x00000000000013e4                NVIC_PriorityGroupConfig
 .text.NVIC_Init
                0x00000000000013ea       0xb8 ./Peripheral/src/ch32v30x_misc.o
                0x00000000000013ea                NVIC_Init
 .text.RCC_GetClocksFreq
                0x00000000000014a2      0x10e ./Peripheral/src/ch32v30x_rcc.o
                0x00000000000014a2                RCC_GetClocksFreq
 .text.RCC_APB2PeriphClockCmd
                0x00000000000015b0       0x1e ./Peripheral/src/ch32v30x_rcc.o
                0x00000000000015b0                RCC_APB2PeriphClockCmd
 .text.RCC_APB1PeriphClockCmd
                0x00000000000015ce       0x1e ./Peripheral/src/ch32v30x_rcc.o
                0x00000000000015ce                RCC_APB1PeriphClockCmd
 .text.TIM_TimeBaseInit
                0x00000000000015ec       0xc0 ./Peripheral/src/ch32v30x_tim.o
                0x00000000000015ec                TIM_TimeBaseInit
 .text.TIM_OC1Init
                0x00000000000016ac       0xa0 ./Peripheral/src/ch32v30x_tim.o
                0x00000000000016ac                TIM_OC1Init
 .text.TIM_Cmd  0x000000000000174c       0x1c ./Peripheral/src/ch32v30x_tim.o
                0x000000000000174c                TIM_Cmd
 .text.TIM_CtrlPWMOutputs
                0x0000000000001768       0x16 ./Peripheral/src/ch32v30x_tim.o
                0x0000000000001768                TIM_CtrlPWMOutputs
 .text.TIM_ITConfig
                0x000000000000177e       0x16 ./Peripheral/src/ch32v30x_tim.o
                0x000000000000177e                TIM_ITConfig
 .text.TIM_ARRPreloadConfig
                0x0000000000001794       0x1e ./Peripheral/src/ch32v30x_tim.o
                0x0000000000001794                TIM_ARRPreloadConfig
 .text.TIM_OC1PreloadConfig
                0x00000000000017b2       0x12 ./Peripheral/src/ch32v30x_tim.o
                0x00000000000017b2                TIM_OC1PreloadConfig
 .text.TIM_GetITStatus
                0x00000000000017c4       0x1c ./Peripheral/src/ch32v30x_tim.o
                0x00000000000017c4                TIM_GetITStatus
 .text.TIM_ClearITPendingBit
                0x00000000000017e0        0xe ./Peripheral/src/ch32v30x_tim.o
                0x00000000000017e0                TIM_ClearITPendingBit
 .text.USART_Init
                0x00000000000017ee       0xd8 ./Peripheral/src/ch32v30x_usart.o
                0x00000000000017ee                USART_Init
 .text.USART_Cmd
                0x00000000000018c6       0x1c ./Peripheral/src/ch32v30x_usart.o
                0x00000000000018c6                USART_Cmd
 .text.USART_ITConfig
                0x00000000000018e2       0x36 ./Peripheral/src/ch32v30x_usart.o
                0x00000000000018e2                USART_ITConfig
 .text.USART_SendData
                0x0000000000001918        0xa ./Peripheral/src/ch32v30x_usart.o
                0x0000000000001918                USART_SendData
 .text.USART_ReceiveData
                0x0000000000001922        0xa ./Peripheral/src/ch32v30x_usart.o
                0x0000000000001922                USART_ReceiveData
 .text.USART_GetFlagStatus
                0x000000000000192c        0xc ./Peripheral/src/ch32v30x_usart.o
                0x000000000000192c                USART_GetFlagStatus
 .text.USART_GetITStatus
                0x0000000000001938       0x44 ./Peripheral/src/ch32v30x_usart.o
                0x0000000000001938                USART_GetITStatus
 .text.USART_ClearITPendingBit
                0x000000000000197c       0x16 ./Peripheral/src/ch32v30x_usart.o
                0x000000000000197c                USART_ClearITPendingBit
 .text.TIM1_OutCompare_Init
                0x0000000000001992       0xd6 ./Hardware/Motor.o
                0x0000000000001992                TIM1_OutCompare_Init
 .text.TIM8_OutCompare_Init
                0x0000000000001a68       0xd4 ./Hardware/Motor.o
                0x0000000000001a68                TIM8_OutCompare_Init
 .text.MOTOR_Y_GPIO_INIT
                0x0000000000001b3c       0x30 ./Hardware/Motor.o
                0x0000000000001b3c                MOTOR_Y_GPIO_INIT
 .text.MOTOR_X_GPIO_INIT
                0x0000000000001b6c       0x30 ./Hardware/Motor.o
                0x0000000000001b6c                MOTOR_X_GPIO_INIT
 .text.Swich_Key_Init
                0x0000000000001b9c       0xc0 ./Hardware/Motor.o
                0x0000000000001b9c                Swich_Key_Init
 .text.Swich_Key_Close
                0x0000000000001c5c       0xb6 ./Hardware/Motor.o
                0x0000000000001c5c                Swich_Key_Close
 .text.Motor_X_Init
                0x0000000000001d12       0x14 ./Hardware/Motor.o
                0x0000000000001d12                Motor_X_Init
 .text.Motor_Y_Init
                0x0000000000001d26       0x14 ./Hardware/Motor.o
                0x0000000000001d26                Motor_Y_Init
 .text.M_A_Init
                0x0000000000001d3a       0x66 ./Hardware/PCA9685_Init.o
                0x0000000000001d3a                M_A_Init
 .text.M_A_Catch
                0x0000000000001da0      0x13a ./Hardware/PCA9685_Init.o
                0x0000000000001da0                M_A_Catch
 .text.M_A_Put  0x0000000000001eda       0xce ./Hardware/PCA9685_Init.o
                0x0000000000001eda                M_A_Put
 .text.PCA9685_Active
                0x0000000000001fa8       0x1e ./Hardware/PCA9685_Init.o
                0x0000000000001fa8                PCA9685_Active
 .text.IIC_Init
                0x0000000000001fc6       0xba ./Hardware/PCA9685_USE.o
                0x0000000000001fc6                IIC_Init
 .text.pca_write
                0x0000000000002080       0xf4 ./Hardware/PCA9685_USE.o
                0x0000000000002080                pca_write
 .text.pca_read
                0x0000000000002174      0x100 ./Hardware/PCA9685_USE.o
                0x0000000000002174                pca_read
 .text.pca_setfreq
                0x0000000000002274       0xa6 ./Hardware/PCA9685_USE.o
                0x0000000000002274                pca_setfreq
 .text.pca_setpwm
                0x000000000000231a       0x66 ./Hardware/PCA9685_USE.o
                0x000000000000231a                pca_setpwm
 .text.PCA9685_Init
                0x0000000000002380       0x20 ./Hardware/PCA9685_USE.o
                0x0000000000002380                PCA9685_Init
 .text.PCA_Set  0x00000000000023a0      0x1a2 ./Hardware/PCA9685_USE.o
                0x00000000000023a0                PCA_Set
 .text.Init_Usart
                0x0000000000002542       0xa0 ./Hardware/Usart.o
                0x0000000000002542                Init_Usart
 .text.Usart_Send_Byte
                0x00000000000025e2       0x20 ./Hardware/Usart.o
                0x00000000000025e2                Usart_Send_Byte
 .text.Usart_Send_String
                0x0000000000002602       0x44 ./Hardware/Usart.o
                0x0000000000002602                Usart_Send_String
 .text.Delay_Init
                0x0000000000002646       0x2a ./Debug/debug.o
                0x0000000000002646                Delay_Init
 .text.Delay_Us
                0x0000000000002670       0x2e ./Debug/debug.o
                0x0000000000002670                Delay_Us
 .text.Delay_Ms
                0x000000000000269e       0x2e ./Debug/debug.o
                0x000000000000269e                Delay_Ms
 .text.USART_Printf_Init
                0x00000000000026cc       0x5e ./Debug/debug.o
                0x00000000000026cc                USART_Printf_Init
 .text._write   0x000000000000272a       0x50 ./Debug/debug.o
                0x000000000000272a                _write
 .text._sbrk    0x000000000000277a       0x26 ./Debug/debug.o
                0x000000000000277a                _sbrk
 .text.floor    0x00000000000027a0      0x150 c:/mounriver/mounriver_studio/toolchain/risc-v embedded gcc/bin/../lib/gcc/riscv-none-embed/8.2.0/../../../../riscv-none-embed/lib/rv32imac/ilp32\libm.a(lib_a-s_floor.o)
                0x00000000000027a0                floor
 .text.__adddf3
                0x00000000000028f0      0x730 c:/mounriver/mounriver_studio/toolchain/risc-v embedded gcc/bin/../lib/gcc/riscv-none-embed/8.2.0/rv32imac/ilp32\libgcc.a(adddf3.o)
                0x00000000000028f0                __adddf3
 .text.__divdf3
                0x0000000000003020      0x5b4 c:/mounriver/mounriver_studio/toolchain/risc-v embedded gcc/bin/../lib/gcc/riscv-none-embed/8.2.0/rv32imac/ilp32\libgcc.a(divdf3.o)
                0x0000000000003020                __divdf3
 .text.__gedf2  0x00000000000035d4       0xae c:/mounriver/mounriver_studio/toolchain/risc-v embedded gcc/bin/../lib/gcc/riscv-none-embed/8.2.0/rv32imac/ilp32\libgcc.a(gedf2.o)
                0x00000000000035d4                __gedf2
                0x00000000000035d4                __gtdf2
 .text.__muldf3
                0x0000000000003682      0x4b8 c:/mounriver/mounriver_studio/toolchain/risc-v embedded gcc/bin/../lib/gcc/riscv-none-embed/8.2.0/rv32imac/ilp32\libgcc.a(muldf3.o)
                0x0000000000003682                __muldf3
 .text.__subdf3
                0x0000000000003b3a      0x73e c:/mounriver/mounriver_studio/toolchain/risc-v embedded gcc/bin/../lib/gcc/riscv-none-embed/8.2.0/rv32imac/ilp32\libgcc.a(subdf3.o)
                0x0000000000003b3a                __subdf3
 .text.__fixunsdfsi
                0x0000000000004278       0x5c c:/mounriver/mounriver_studio/toolchain/risc-v embedded gcc/bin/../lib/gcc/riscv-none-embed/8.2.0/rv32imac/ilp32\libgcc.a(fixunsdfsi.o)
                0x0000000000004278                __fixunsdfsi
 .text.__floatsidf
                0x00000000000042d4       0x72 c:/mounriver/mounriver_studio/toolchain/risc-v embedded gcc/bin/../lib/gcc/riscv-none-embed/8.2.0/rv32imac/ilp32\libgcc.a(floatsidf.o)
                0x00000000000042d4                __floatsidf
 .text.__addsf3
                0x0000000000004346      0x36a c:/mounriver/mounriver_studio/toolchain/risc-v embedded gcc/bin/../lib/gcc/riscv-none-embed/8.2.0/rv32imac/ilp32\libgcc.a(addsf3.o)
                0x0000000000004346                __addsf3
 .text.__mulsf3
                0x00000000000046b0      0x290 c:/mounriver/mounriver_studio/toolchain/risc-v embedded gcc/bin/../lib/gcc/riscv-none-embed/8.2.0/rv32imac/ilp32\libgcc.a(mulsf3.o)
                0x00000000000046b0                __mulsf3
 .text.__fixunssfsi
                0x0000000000004940       0x56 c:/mounriver/mounriver_studio/toolchain/risc-v embedded gcc/bin/../lib/gcc/riscv-none-embed/8.2.0/rv32imac/ilp32\libgcc.a(fixunssfsi.o)
                0x0000000000004940                __fixunssfsi
 .text.__floatsisf
                0x0000000000004996       0xc6 c:/mounriver/mounriver_studio/toolchain/risc-v embedded gcc/bin/../lib/gcc/riscv-none-embed/8.2.0/rv32imac/ilp32\libgcc.a(floatsisf.o)
                0x0000000000004996                __floatsisf
 .text.__floatunsisf
                0x0000000000004a5c       0xce c:/mounriver/mounriver_studio/toolchain/risc-v embedded gcc/bin/../lib/gcc/riscv-none-embed/8.2.0/rv32imac/ilp32\libgcc.a(floatunsisf.o)
                0x0000000000004a5c                __floatunsisf
 .text.__extendsfdf2
                0x0000000000004b2a       0xac c:/mounriver/mounriver_studio/toolchain/risc-v embedded gcc/bin/../lib/gcc/riscv-none-embed/8.2.0/rv32imac/ilp32\libgcc.a(extendsfdf2.o)
                0x0000000000004b2a                __extendsfdf2
 .text.__truncdfsf2
                0x0000000000004bd6      0x16a c:/mounriver/mounriver_studio/toolchain/risc-v embedded gcc/bin/../lib/gcc/riscv-none-embed/8.2.0/rv32imac/ilp32\libgcc.a(truncdfsf2.o)
                0x0000000000004bd6                __truncdfsf2
 .text.__clzsi2
                0x0000000000004d40       0x76 c:/mounriver/mounriver_studio/toolchain/risc-v embedded gcc/bin/../lib/gcc/riscv-none-embed/8.2.0/rv32imac/ilp32\libgcc.a(_clzsi2.o)
                0x0000000000004d40                __clzsi2
 .text.printf   0x0000000000004db6       0x40 c:/mounriver/mounriver_studio/toolchain/risc-v embedded gcc/bin/../lib/gcc/riscv-none-embed/8.2.0/../../../../riscv-none-embed/lib/rv32imac/ilp32\libg_nano.a(lib_a-printf.o)
                0x0000000000004db6                iprintf
                0x0000000000004db6                printf
 .text._puts_r  0x0000000000004df6       0xda c:/mounriver/mounriver_studio/toolchain/risc-v embedded gcc/bin/../lib/gcc/riscv-none-embed/8.2.0/../../../../riscv-none-embed/lib/rv32imac/ilp32\libg_nano.a(lib_a-puts.o)
                0x0000000000004df6                _puts_r
 .text.puts     0x0000000000004ed0        0xc c:/mounriver/mounriver_studio/toolchain/risc-v embedded gcc/bin/../lib/gcc/riscv-none-embed/8.2.0/../../../../riscv-none-embed/lib/rv32imac/ilp32\libg_nano.a(lib_a-puts.o)
                0x0000000000004ed0                puts
 .text.__swbuf_r
                0x0000000000004edc       0xc0 c:/mounriver/mounriver_studio/toolchain/risc-v embedded gcc/bin/../lib/gcc/riscv-none-embed/8.2.0/../../../../riscv-none-embed/lib/rv32imac/ilp32\libg_nano.a(lib_a-wbuf.o)
                0x0000000000004edc                __swbuf_r
 .text.__swsetup_r
                0x0000000000004f9c      0x10c c:/mounriver/mounriver_studio/toolchain/risc-v embedded gcc/bin/../lib/gcc/riscv-none-embed/8.2.0/../../../../riscv-none-embed/lib/rv32imac/ilp32\libg_nano.a(lib_a-wsetup.o)
                0x0000000000004f9c                __swsetup_r
 .text.__sflush_r
                0x00000000000050a8      0x13c c:/mounriver/mounriver_studio/toolchain/risc-v embedded gcc/bin/../lib/gcc/riscv-none-embed/8.2.0/../../../../riscv-none-embed/lib/rv32imac/ilp32\libg_nano.a(lib_a-fflush.o)
                0x00000000000050a8                __sflush_r
 .text._fflush_r
                0x00000000000051e4       0x66 c:/mounriver/mounriver_studio/toolchain/risc-v embedded gcc/bin/../lib/gcc/riscv-none-embed/8.2.0/../../../../riscv-none-embed/lib/rv32imac/ilp32\libg_nano.a(lib_a-fflush.o)
                0x00000000000051e4                _fflush_r
 .text.std      0x000000000000524a       0x6a c:/mounriver/mounriver_studio/toolchain/risc-v embedded gcc/bin/../lib/gcc/riscv-none-embed/8.2.0/../../../../riscv-none-embed/lib/rv32imac/ilp32\libg_nano.a(lib_a-findfp.o)
 .text._cleanup_r
                0x00000000000052b4        0xa c:/mounriver/mounriver_studio/toolchain/risc-v embedded gcc/bin/../lib/gcc/riscv-none-embed/8.2.0/../../../../riscv-none-embed/lib/rv32imac/ilp32\libg_nano.a(lib_a-findfp.o)
                0x00000000000052b4                _cleanup_r
 .text.__sfmoreglue
                0x00000000000052be       0x46 c:/mounriver/mounriver_studio/toolchain/risc-v embedded gcc/bin/../lib/gcc/riscv-none-embed/8.2.0/../../../../riscv-none-embed/lib/rv32imac/ilp32\libg_nano.a(lib_a-findfp.o)
                0x00000000000052be                __sfmoreglue
 .text.__sinit  0x0000000000005304       0x6c c:/mounriver/mounriver_studio/toolchain/risc-v embedded gcc/bin/../lib/gcc/riscv-none-embed/8.2.0/../../../../riscv-none-embed/lib/rv32imac/ilp32\libg_nano.a(lib_a-findfp.o)
                0x0000000000005304                __sinit
 .text.__sfp    0x0000000000005370       0xa0 c:/mounriver/mounriver_studio/toolchain/risc-v embedded gcc/bin/../lib/gcc/riscv-none-embed/8.2.0/../../../../riscv-none-embed/lib/rv32imac/ilp32\libg_nano.a(lib_a-findfp.o)
                0x0000000000005370                __sfp
 .text._fwalk_reent
                0x0000000000005410       0x6c c:/mounriver/mounriver_studio/toolchain/risc-v embedded gcc/bin/../lib/gcc/riscv-none-embed/8.2.0/../../../../riscv-none-embed/lib/rv32imac/ilp32\libg_nano.a(lib_a-fwalk.o)
                0x0000000000005410                _fwalk_reent
 .text.__swhatbuf_r
                0x000000000000547c       0x5a c:/mounriver/mounriver_studio/toolchain/risc-v embedded gcc/bin/../lib/gcc/riscv-none-embed/8.2.0/../../../../riscv-none-embed/lib/rv32imac/ilp32\libg_nano.a(lib_a-makebuf.o)
                0x000000000000547c                __swhatbuf_r
 .text.__smakebuf_r
                0x00000000000054d6       0xa0 c:/mounriver/mounriver_studio/toolchain/risc-v embedded gcc/bin/../lib/gcc/riscv-none-embed/8.2.0/../../../../riscv-none-embed/lib/rv32imac/ilp32\libg_nano.a(lib_a-makebuf.o)
                0x00000000000054d6                __smakebuf_r
 .text._free_r  0x0000000000005576       0xa8 c:/mounriver/mounriver_studio/toolchain/risc-v embedded gcc/bin/../lib/gcc/riscv-none-embed/8.2.0/../../../../riscv-none-embed/lib/rv32imac/ilp32\libg_nano.a(lib_a-nano-freer.o)
                0x0000000000005576                _free_r
 .text._malloc_r
                0x000000000000561e       0xd4 c:/mounriver/mounriver_studio/toolchain/risc-v embedded gcc/bin/../lib/gcc/riscv-none-embed/8.2.0/../../../../riscv-none-embed/lib/rv32imac/ilp32\libg_nano.a(lib_a-nano-mallocr.o)
                0x000000000000561e                _malloc_r
 .text.__sfputc_r
                0x00000000000056f2       0x2a c:/mounriver/mounriver_studio/toolchain/risc-v embedded gcc/bin/../lib/gcc/riscv-none-embed/8.2.0/../../../../riscv-none-embed/lib/rv32imac/ilp32\libg_nano.a(lib_a-nano-vfprintf.o)
 .text.__sfputs_r
                0x000000000000571c       0x44 c:/mounriver/mounriver_studio/toolchain/risc-v embedded gcc/bin/../lib/gcc/riscv-none-embed/8.2.0/../../../../riscv-none-embed/lib/rv32imac/ilp32\libg_nano.a(lib_a-nano-vfprintf.o)
                0x000000000000571c                __sfputs_r
 .text._vfprintf_r
                0x0000000000005760      0x29c c:/mounriver/mounriver_studio/toolchain/risc-v embedded gcc/bin/../lib/gcc/riscv-none-embed/8.2.0/../../../../riscv-none-embed/lib/rv32imac/ilp32\libg_nano.a(lib_a-nano-vfprintf.o)
                0x0000000000005760                _vfprintf_r
                0x0000000000005760                _vfiprintf_r
 .text._printf_common
                0x00000000000059fc      0x10c c:/mounriver/mounriver_studio/toolchain/risc-v embedded gcc/bin/../lib/gcc/riscv-none-embed/8.2.0/../../../../riscv-none-embed/lib/rv32imac/ilp32\libg_nano.a(lib_a-nano-vfprintf_i.o)
                0x00000000000059fc                _printf_common
 .text._printf_i
                0x0000000000005b08      0x2aa c:/mounriver/mounriver_studio/toolchain/risc-v embedded gcc/bin/../lib/gcc/riscv-none-embed/8.2.0/../../../../riscv-none-embed/lib/rv32imac/ilp32\libg_nano.a(lib_a-nano-vfprintf_i.o)
                0x0000000000005b08                _printf_i
 .text._sbrk_r  0x0000000000005db2       0x2a c:/mounriver/mounriver_studio/toolchain/risc-v embedded gcc/bin/../lib/gcc/riscv-none-embed/8.2.0/../../../../riscv-none-embed/lib/rv32imac/ilp32\libg_nano.a(lib_a-sbrkr.o)
                0x0000000000005db2                _sbrk_r
 .text.__sread  0x0000000000005ddc       0x30 c:/mounriver/mounriver_studio/toolchain/risc-v embedded gcc/bin/../lib/gcc/riscv-none-embed/8.2.0/../../../../riscv-none-embed/lib/rv32imac/ilp32\libg_nano.a(lib_a-stdio.o)
                0x0000000000005ddc                __sread
 .text.__swrite
                0x0000000000005e0c       0x4e c:/mounriver/mounriver_studio/toolchain/risc-v embedded gcc/bin/../lib/gcc/riscv-none-embed/8.2.0/../../../../riscv-none-embed/lib/rv32imac/ilp32\libg_nano.a(lib_a-stdio.o)
                0x0000000000005e0c                __swrite
 .text.__sseek  0x0000000000005e5a       0x36 c:/mounriver/mounriver_studio/toolchain/risc-v embedded gcc/bin/../lib/gcc/riscv-none-embed/8.2.0/../../../../riscv-none-embed/lib/rv32imac/ilp32\libg_nano.a(lib_a-stdio.o)
                0x0000000000005e5a                __sseek
 .text.__sclose
                0x0000000000005e90        0x6 c:/mounriver/mounriver_studio/toolchain/risc-v embedded gcc/bin/../lib/gcc/riscv-none-embed/8.2.0/../../../../riscv-none-embed/lib/rv32imac/ilp32\libg_nano.a(lib_a-stdio.o)
                0x0000000000005e90                __sclose
 .text._write_r
                0x0000000000005e96       0x2e c:/mounriver/mounriver_studio/toolchain/risc-v embedded gcc/bin/../lib/gcc/riscv-none-embed/8.2.0/../../../../riscv-none-embed/lib/rv32imac/ilp32\libg_nano.a(lib_a-writer.o)
                0x0000000000005e96                _write_r
 .text._close_r
                0x0000000000005ec4       0x28 c:/mounriver/mounriver_studio/toolchain/risc-v embedded gcc/bin/../lib/gcc/riscv-none-embed/8.2.0/../../../../riscv-none-embed/lib/rv32imac/ilp32\libg_nano.a(lib_a-closer.o)
                0x0000000000005ec4                _close_r
 .text._fstat_r
                0x0000000000005eec       0x2a c:/mounriver/mounriver_studio/toolchain/risc-v embedded gcc/bin/../lib/gcc/riscv-none-embed/8.2.0/../../../../riscv-none-embed/lib/rv32imac/ilp32\libg_nano.a(lib_a-fstatr.o)
                0x0000000000005eec                _fstat_r
 .text._isatty_r
                0x0000000000005f16       0x28 c:/mounriver/mounriver_studio/toolchain/risc-v embedded gcc/bin/../lib/gcc/riscv-none-embed/8.2.0/../../../../riscv-none-embed/lib/rv32imac/ilp32\libg_nano.a(lib_a-isattyr.o)
                0x0000000000005f16                _isatty_r
 .text._lseek_r
                0x0000000000005f3e       0x2c c:/mounriver/mounriver_studio/toolchain/risc-v embedded gcc/bin/../lib/gcc/riscv-none-embed/8.2.0/../../../../riscv-none-embed/lib/rv32imac/ilp32\libg_nano.a(lib_a-lseekr.o)
                0x0000000000005f3e                _lseek_r
 .text.memchr   0x0000000000005f6a       0x1a c:/mounriver/mounriver_studio/toolchain/risc-v embedded gcc/bin/../lib/gcc/riscv-none-embed/8.2.0/../../../../riscv-none-embed/lib/rv32imac/ilp32\libg_nano.a(lib_a-memchr.o)
                0x0000000000005f6a                memchr
 .text.__malloc_lock
                0x0000000000005f84        0x2 c:/mounriver/mounriver_studio/toolchain/risc-v embedded gcc/bin/../lib/gcc/riscv-none-embed/8.2.0/../../../../riscv-none-embed/lib/rv32imac/ilp32\libg_nano.a(lib_a-mlock.o)
                0x0000000000005f84                __malloc_lock
 .text.__malloc_unlock
                0x0000000000005f86        0x2 c:/mounriver/mounriver_studio/toolchain/risc-v embedded gcc/bin/../lib/gcc/riscv-none-embed/8.2.0/../../../../riscv-none-embed/lib/rv32imac/ilp32\libg_nano.a(lib_a-mlock.o)
                0x0000000000005f86                __malloc_unlock
 .text._read_r  0x0000000000005f88       0x2c c:/mounriver/mounriver_studio/toolchain/risc-v embedded gcc/bin/../lib/gcc/riscv-none-embed/8.2.0/../../../../riscv-none-embed/lib/rv32imac/ilp32\libg_nano.a(lib_a-readr.o)
                0x0000000000005f88                _read_r
 .text._close   0x0000000000005fb4        0xc c:/mounriver/mounriver_studio/toolchain/risc-v embedded gcc/bin/../lib/gcc/riscv-none-embed/8.2.0/../../../../riscv-none-embed/lib/rv32imac/ilp32\libnosys.a(close.o)
                0x0000000000005fb4                _close
 .text._fstat   0x0000000000005fc0        0xc c:/mounriver/mounriver_studio/toolchain/risc-v embedded gcc/bin/../lib/gcc/riscv-none-embed/8.2.0/../../../../riscv-none-embed/lib/rv32imac/ilp32\libnosys.a(fstat.o)
                0x0000000000005fc0                _fstat
 .text._isatty  0x0000000000005fcc        0xc c:/mounriver/mounriver_studio/toolchain/risc-v embedded gcc/bin/../lib/gcc/riscv-none-embed/8.2.0/../../../../riscv-none-embed/lib/rv32imac/ilp32\libnosys.a(isatty.o)
                0x0000000000005fcc                _isatty
 .text._lseek   0x0000000000005fd8        0xc c:/mounriver/mounriver_studio/toolchain/risc-v embedded gcc/bin/../lib/gcc/riscv-none-embed/8.2.0/../../../../riscv-none-embed/lib/rv32imac/ilp32\libnosys.a(lseek.o)
                0x0000000000005fd8                _lseek
 .text._read    0x0000000000005fe4        0xc c:/mounriver/mounriver_studio/toolchain/risc-v embedded gcc/bin/../lib/gcc/riscv-none-embed/8.2.0/../../../../riscv-none-embed/lib/rv32imac/ilp32\libnosys.a(read.o)
                0x0000000000005fe4                _read
 *(.rodata)
 *(.rodata*)
 .rodata.Delay_Init_L610.str1.4
                0x0000000000005ff0       0x5b ./User/main.o
 *fill*         0x000000000000604b        0x1 
 .rodata.EXTI0_IRQHandler.str1.4
                0x000000000000604c       0x12 ./User/main.o
 *fill*         0x000000000000605e        0x2 
 .rodata.EXTI1_IRQHandler.str1.4
                0x0000000000006060       0x12 ./User/main.o
 *fill*         0x0000000000006072        0x2 
 .rodata.EXTI2_IRQHandler.str1.4
                0x0000000000006074       0x12 ./User/main.o
 *fill*         0x0000000000006086        0x2 
 .rodata.EXTI3_IRQHandler.str1.4
                0x0000000000006088       0x12 ./User/main.o
 *fill*         0x000000000000609a        0x2 
 .rodata.Motor_Y_Move.cst4
                0x000000000000609c        0x4 ./User/main.o
 .rodata.Receive_Usart.str1.4
                0x00000000000060a0       0x37 ./User/main.o
 *fill*         0x00000000000060d7        0x1 
 .rodata.Write_Server.str1.4
                0x00000000000060d8       0x24 ./User/main.o
 .rodata.main.str1.4
                0x00000000000060fc       0x4d ./User/main.o
 *fill*         0x0000000000006149        0x3 
 .rodata.PCA9685_Active.cst4
                0x000000000000614c        0x4 ./Hardware/PCA9685_Init.o
 *fill*         0x0000000000006150        0x0 
 .rodata.PCA_Set.cst8
                0x0000000000006150       0x20 ./Hardware/PCA9685_USE.o
 .rodata.pca_setfreq.cst8
                0x0000000000006170       0x20 ./Hardware/PCA9685_USE.o
 .rodata.floor.cst8
                0x0000000000006190        0x8 c:/mounriver/mounriver_studio/toolchain/risc-v embedded gcc/bin/../lib/gcc/riscv-none-embed/8.2.0/../../../../riscv-none-embed/lib/rv32imac/ilp32\libm.a(lib_a-s_floor.o)
 .rodata.__divdf3
                0x0000000000006198       0x40 c:/mounriver/mounriver_studio/toolchain/risc-v embedded gcc/bin/../lib/gcc/riscv-none-embed/8.2.0/rv32imac/ilp32\libgcc.a(divdf3.o)
 .rodata.__muldf3
                0x00000000000061d8       0x40 c:/mounriver/mounriver_studio/toolchain/risc-v embedded gcc/bin/../lib/gcc/riscv-none-embed/8.2.0/rv32imac/ilp32\libgcc.a(muldf3.o)
 .rodata.__mulsf3
                0x0000000000006218       0x40 c:/mounriver/mounriver_studio/toolchain/risc-v embedded gcc/bin/../lib/gcc/riscv-none-embed/8.2.0/rv32imac/ilp32\libgcc.a(mulsf3.o)
 .rodata.__clz_tab
                0x0000000000006258      0x100 c:/mounriver/mounriver_studio/toolchain/risc-v embedded gcc/bin/../lib/gcc/riscv-none-embed/8.2.0/rv32imac/ilp32\libgcc.a(_clz.o)
                0x0000000000006258                __clz_tab
 .rodata.__sf_fake_stderr
                0x0000000000006358       0x20 c:/mounriver/mounriver_studio/toolchain/risc-v embedded gcc/bin/../lib/gcc/riscv-none-embed/8.2.0/../../../../riscv-none-embed/lib/rv32imac/ilp32\libg_nano.a(lib_a-findfp.o)
                0x0000000000006358                __sf_fake_stderr
 .rodata.__sf_fake_stdin
                0x0000000000006378       0x20 c:/mounriver/mounriver_studio/toolchain/risc-v embedded gcc/bin/../lib/gcc/riscv-none-embed/8.2.0/../../../../riscv-none-embed/lib/rv32imac/ilp32\libg_nano.a(lib_a-findfp.o)
                0x0000000000006378                __sf_fake_stdin
 .rodata.__sf_fake_stdout
                0x0000000000006398       0x20 c:/mounriver/mounriver_studio/toolchain/risc-v embedded gcc/bin/../lib/gcc/riscv-none-embed/8.2.0/../../../../riscv-none-embed/lib/rv32imac/ilp32\libg_nano.a(lib_a-findfp.o)
                0x0000000000006398                __sf_fake_stdout
 .rodata._vfprintf_r.str1.4
                0x00000000000063b8       0x13 c:/mounriver/mounriver_studio/toolchain/risc-v embedded gcc/bin/../lib/gcc/riscv-none-embed/8.2.0/../../../../riscv-none-embed/lib/rv32imac/ilp32\libg_nano.a(lib_a-nano-vfprintf.o)
 *fill*         0x00000000000063cb        0x1 
 .rodata._printf_i.str1.4
                0x00000000000063cc       0x28 c:/mounriver/mounriver_studio/toolchain/risc-v embedded gcc/bin/../lib/gcc/riscv-none-embed/8.2.0/../../../../riscv-none-embed/lib/rv32imac/ilp32\libg_nano.a(lib_a-nano-vfprintf_i.o)
                                         0x25 (size before relaxing)
 *(.glue_7)
 *(.glue_7t)
 *(.gnu.linkonce.t.*)
                0x00000000000063f4                . = ALIGN (0x4)

.rela.dyn       0x00000000000063f4        0x0
 .rela.init     0x00000000000063f4        0x0 ./User/ch32v30x_it.o
 .rela.vector   0x00000000000063f4        0x0 ./User/ch32v30x_it.o
 .rela.text.handle_reset
                0x00000000000063f4        0x0 ./User/ch32v30x_it.o
 .rela.text._sbrk
                0x00000000000063f4        0x0 ./User/ch32v30x_it.o
 .rela.sdata.curbrk.5226
                0x00000000000063f4        0x0 ./User/ch32v30x_it.o
 .rela.text._vfprintf_r
                0x00000000000063f4        0x0 ./User/ch32v30x_it.o
 .rela.text._sbrk_r
                0x00000000000063f4        0x0 ./User/ch32v30x_it.o
 .rela.text._write_r
                0x00000000000063f4        0x0 ./User/ch32v30x_it.o
 .rela.text._close_r
                0x00000000000063f4        0x0 ./User/ch32v30x_it.o
 .rela.text._fstat_r
                0x00000000000063f4        0x0 ./User/ch32v30x_it.o
 .rela.text._isatty_r
                0x00000000000063f4        0x0 ./User/ch32v30x_it.o
 .rela.text._lseek_r
                0x00000000000063f4        0x0 ./User/ch32v30x_it.o
 .rela.text._read_r
                0x00000000000063f4        0x0 ./User/ch32v30x_it.o
 .rela.text._close
                0x00000000000063f4        0x0 ./User/ch32v30x_it.o
 .rela.text._fstat
                0x00000000000063f4        0x0 ./User/ch32v30x_it.o
 .rela.text._isatty
                0x00000000000063f4        0x0 ./User/ch32v30x_it.o
 .rela.text._lseek
                0x00000000000063f4        0x0 ./User/ch32v30x_it.o
 .rela.text._read
                0x00000000000063f4        0x0 ./User/ch32v30x_it.o

.fini           0x00000000000063f4        0x0
 *(SORT_NONE(.fini))
                0x00000000000063f4                . = ALIGN (0x4)
                [!provide]                        PROVIDE (_etext = .)
                [!provide]                        PROVIDE (_eitcm = .)

.preinit_array  0x00000000000063f4        0x0
                [!provide]                        PROVIDE (__preinit_array_start = .)
 *(.preinit_array)
                [!provide]                        PROVIDE (__preinit_array_end = .)

.init_array     0x00000000000063f4        0x0
                [!provide]                        PROVIDE (__init_array_start = .)
 *(SORT_BY_INIT_PRIORITY(.init_array.*) SORT_BY_INIT_PRIORITY(.ctors.*))
 *(.init_array EXCLUDE_FILE(*crtend?.o *crtend.o *crtbegin?.o *crtbegin.o) .ctors)
                [!provide]                        PROVIDE (__init_array_end = .)

.fini_array     0x00000000000063f4        0x0
                [!provide]                        PROVIDE (__fini_array_start = .)
 *(SORT_BY_INIT_PRIORITY(.fini_array.*) SORT_BY_INIT_PRIORITY(.dtors.*))
 *(.fini_array EXCLUDE_FILE(*crtend?.o *crtend.o *crtbegin?.o *crtbegin.o) .dtors)
                [!provide]                        PROVIDE (__fini_array_end = .)

.ctors
 *crtbegin.o(.ctors)
 *crtbegin?.o(.ctors)
 *(EXCLUDE_FILE(*crtend?.o *crtend.o) .ctors)
 *(SORT_BY_NAME(.ctors.*))
 *(.ctors)

.dtors
 *crtbegin.o(.dtors)
 *crtbegin?.o(.dtors)
 *(EXCLUDE_FILE(*crtend?.o *crtend.o) .dtors)
 *(SORT_BY_NAME(.dtors.*))
 *(.dtors)

.dalign         0x0000000020000000        0x0 load address 0x00000000000063f4
                0x0000000020000000                . = ALIGN (0x4)
                0x0000000020000000                PROVIDE (_data_vma = .)

.dlalign        0x00000000000063f4        0x0
                0x00000000000063f4                . = ALIGN (0x4)
                0x00000000000063f4                PROVIDE (_data_lma = .)

.data           0x0000000020000000       0x88 load address 0x00000000000063f4
 *(.gnu.linkonce.r.*)
 *(.data .data.*)
 .data.APBAHBPrescTable
                0x0000000020000000       0x10 ./Peripheral/src/ch32v30x_rcc.o
 .data.impure_data
                0x0000000020000010       0x60 c:/mounriver/mounriver_studio/toolchain/risc-v embedded gcc/bin/../lib/gcc/riscv-none-embed/8.2.0/../../../../riscv-none-embed/lib/rv32imac/ilp32\libg_nano.a(lib_a-impure.o)
 *(.gnu.linkonce.d.*)
                0x0000000020000070                . = ALIGN (0x8)
                0x0000000020000870                PROVIDE (__global_pointer$ = (. + 0x800))
 *(.sdata .sdata.*)
 .sdata.SystemCoreClock
                0x0000000020000070        0x4 ./User/system_ch32v30x.o
                0x0000000020000070                SystemCoreClock
 .sdata.ADCPrescTable
                0x0000000020000074        0x4 ./Peripheral/src/ch32v30x_rcc.o
 .sdata.curbrk.5226
                0x0000000020000078        0x4 ./Debug/debug.o
 .sdata._impure_ptr
                0x000000002000007c        0x4 c:/mounriver/mounriver_studio/toolchain/risc-v embedded gcc/bin/../lib/gcc/riscv-none-embed/8.2.0/../../../../riscv-none-embed/lib/rv32imac/ilp32\libg_nano.a(lib_a-impure.o)
                0x000000002000007c                _impure_ptr
 *(.sdata2.*)
 .sdata2._global_impure_ptr
                0x0000000020000080        0x4 c:/mounriver/mounriver_studio/toolchain/risc-v embedded gcc/bin/../lib/gcc/riscv-none-embed/8.2.0/../../../../riscv-none-embed/lib/rv32imac/ilp32\libg_nano.a(lib_a-impure.o)
                0x0000000020000080                _global_impure_ptr
 *(.gnu.linkonce.s.*)
                0x0000000020000088                . = ALIGN (0x8)
 *fill*         0x0000000020000084        0x4 
 *(.srodata.cst16)
 *(.srodata.cst8)
 *(.srodata.cst4)
 *(.srodata.cst2)
 *(.srodata .srodata.*)
                0x0000000020000088                . = ALIGN (0x4)
                0x0000000020000088                PROVIDE (_edata = .)

.bss            0x0000000020000088      0x120 load address 0x000000000000647c
                0x0000000020000088                . = ALIGN (0x4)
                0x0000000020000088                PROVIDE (_sbss = .)
 *(.sbss*)
 .sbss.Data_Flag
                0x0000000020000088        0x4 ./User/main.o
                0x0000000020000088                Data_Flag
 .sbss.Motor_Flag_X
                0x000000002000008c        0x4 ./User/main.o
                0x000000002000008c                Motor_Flag_X
 .sbss.Motor_Flag_Y
                0x0000000020000090        0x4 ./User/main.o
                0x0000000020000090                Motor_Flag_Y
 .sbss.RxCnt1   0x0000000020000094        0x1 ./User/main.o
                0x0000000020000094                RxCnt1
 *fill*         0x0000000020000095        0x3 
 .sbss.TimeCountX
                0x0000000020000098        0x4 ./User/main.o
                0x0000000020000098                TimeCountX
 .sbss.TimeCountY
                0x000000002000009c        0x4 ./User/main.o
                0x000000002000009c                TimeCountY
 .sbss.l610_compare.5842
                0x00000000200000a0        0x4 ./User/main.o
 .sbss.timeCount.5876
                0x00000000200000a4        0x4 ./User/main.o
 .sbss.timeCount.5885
                0x00000000200000a8        0x4 ./User/main.o
 .sbss.timeCountX.5861
                0x00000000200000ac        0x4 ./User/main.o
 .sbss.timeCountY.5868
                0x00000000200000b0        0x4 ./User/main.o
 .sbss.x        0x00000000200000b4        0x4 ./User/main.o
                0x00000000200000b4                x
 .sbss.y        0x00000000200000b8        0x4 ./User/main.o
                0x00000000200000b8                y
 .sbss.NVIC_Priority_Group
                0x00000000200000bc        0x4 ./Peripheral/src/ch32v30x_misc.o
                0x00000000200000bc                NVIC_Priority_Group
 .sbss.p_ms     0x00000000200000c0        0x2 ./Debug/debug.o
 .sbss.p_us     0x00000000200000c2        0x1 ./Debug/debug.o
 *fill*         0x00000000200000c3        0x1 
 .sbss.__malloc_free_list
                0x00000000200000c4        0x4 c:/mounriver/mounriver_studio/toolchain/risc-v embedded gcc/bin/../lib/gcc/riscv-none-embed/8.2.0/../../../../riscv-none-embed/lib/rv32imac/ilp32\libg_nano.a(lib_a-nano-mallocr.o)
                0x00000000200000c4                __malloc_free_list
 .sbss.__malloc_sbrk_start
                0x00000000200000c8        0x4 c:/mounriver/mounriver_studio/toolchain/risc-v embedded gcc/bin/../lib/gcc/riscv-none-embed/8.2.0/../../../../riscv-none-embed/lib/rv32imac/ilp32\libg_nano.a(lib_a-nano-mallocr.o)
                0x00000000200000c8                __malloc_sbrk_start
 *(.gnu.linkonce.sb.*)
 *(.bss*)
 .bss.Receive_Data
                0x00000000200000cc       0x64 ./User/main.o
 .bss.Receive_Str
                0x0000000020000130       0x64 ./User/main.o
 .bss.compare.5851
                0x0000000020000194        0xf ./User/main.o
 *(.gnu.linkonce.b.*)
 *(COMMON*)
 *fill*         0x00000000200001a3        0x1 
 COMMON         0x00000000200001a4        0x4 c:/mounriver/mounriver_studio/toolchain/risc-v embedded gcc/bin/../lib/gcc/riscv-none-embed/8.2.0/../../../../riscv-none-embed/lib/rv32imac/ilp32\libg_nano.a(lib_a-reent.o)
                0x00000000200001a4                errno
                0x00000000200001a8                . = ALIGN (0x4)
                0x00000000200001a8                PROVIDE (_ebss = .)
                0x00000000200001a8                PROVIDE (_end = _ebss)
                [!provide]                        PROVIDE (end = .)

.stack          0x0000000020007800      0x800
                0x0000000020007800                PROVIDE (_heap_end = .)
                0x0000000020007800                . = ALIGN (0x4)
                [!provide]                        PROVIDE (_susrstack = .)
                0x0000000020008000                . = (. + __stack_size)
 *fill*         0x0000000020007800      0x800 
                0x0000000020008000                PROVIDE (_eusrstack = .)
OUTPUT(wlw2.elf elf32-littleriscv)

.debug_info     0x0000000000000000    0x1255e
 .debug_info    0x0000000000000000      0x962 ./User/ch32v30x_it.o
 .debug_info    0x0000000000000962     0x1d39 ./User/main.o
 .debug_info    0x000000000000269b      0xb63 ./User/system_ch32v30x.o
 .debug_info    0x00000000000031fe       0x22 ./Startup/startup_ch32v30x_D8C.o
 .debug_info    0x0000000000003220      0xc0d ./Peripheral/src/ch32v30x_exti.o
 .debug_info    0x0000000000003e2d     0x1093 ./Peripheral/src/ch32v30x_gpio.o
 .debug_info    0x0000000000004ec0     0x1481 ./Peripheral/src/ch32v30x_i2c.o
 .debug_info    0x0000000000006341      0xf67 ./Peripheral/src/ch32v30x_misc.o
 .debug_info    0x00000000000072a8     0x155d ./Peripheral/src/ch32v30x_rcc.o
 .debug_info    0x0000000000008805     0x2a18 ./Peripheral/src/ch32v30x_tim.o
 .debug_info    0x000000000000b21d     0x1420 ./Peripheral/src/ch32v30x_usart.o
 .debug_info    0x000000000000c63d     0x18e3 ./Hardware/Motor.o
 .debug_info    0x000000000000df20     0x10a7 ./Hardware/PCA9685_Init.o
 .debug_info    0x000000000000efc7     0x1563 ./Hardware/PCA9685_USE.o
 .debug_info    0x000000000001052a     0x1118 ./Hardware/Usart.o
 .debug_info    0x0000000000011642      0xf1c ./Debug/debug.o

.debug_abbrev   0x0000000000000000     0x2e14
 .debug_abbrev  0x0000000000000000      0x1cf ./User/ch32v30x_it.o
 .debug_abbrev  0x00000000000001cf      0x3d0 ./User/main.o
 .debug_abbrev  0x000000000000059f      0x2c0 ./User/system_ch32v30x.o
 .debug_abbrev  0x000000000000085f       0x12 ./Startup/startup_ch32v30x_D8C.o
 .debug_abbrev  0x0000000000000871      0x2da ./Peripheral/src/ch32v30x_exti.o
 .debug_abbrev  0x0000000000000b4b      0x31a ./Peripheral/src/ch32v30x_gpio.o
 .debug_abbrev  0x0000000000000e65      0x3aa ./Peripheral/src/ch32v30x_i2c.o
 .debug_abbrev  0x000000000000120f      0x2fb ./Peripheral/src/ch32v30x_misc.o
 .debug_abbrev  0x000000000000150a      0x351 ./Peripheral/src/ch32v30x_rcc.o
 .debug_abbrev  0x000000000000185b      0x421 ./Peripheral/src/ch32v30x_tim.o
 .debug_abbrev  0x0000000000001c7c      0x325 ./Peripheral/src/ch32v30x_usart.o
 .debug_abbrev  0x0000000000001fa1      0x2a3 ./Hardware/Motor.o
 .debug_abbrev  0x0000000000002244      0x25a ./Hardware/PCA9685_Init.o
 .debug_abbrev  0x000000000000249e      0x3cc ./Hardware/PCA9685_USE.o
 .debug_abbrev  0x000000000000286a      0x2b1 ./Hardware/Usart.o
 .debug_abbrev  0x0000000000002b1b      0x2f9 ./Debug/debug.o

.debug_aranges  0x0000000000000000      0xa18
 .debug_aranges
                0x0000000000000000       0x28 ./User/ch32v30x_it.o
 .debug_aranges
                0x0000000000000028       0x98 ./User/main.o
 .debug_aranges
                0x00000000000000c0       0x28 ./User/system_ch32v30x.o
 .debug_aranges
                0x00000000000000e8       0x30 ./Startup/startup_ch32v30x_D8C.o
 .debug_aranges
                0x0000000000000118       0x50 ./Peripheral/src/ch32v30x_exti.o
 .debug_aranges
                0x0000000000000168       0xa8 ./Peripheral/src/ch32v30x_gpio.o
 .debug_aranges
                0x0000000000000210      0x110 ./Peripheral/src/ch32v30x_i2c.o
 .debug_aranges
                0x0000000000000320       0x28 ./Peripheral/src/ch32v30x_misc.o
 .debug_aranges
                0x0000000000000348      0x1a8 ./Peripheral/src/ch32v30x_rcc.o
 .debug_aranges
                0x00000000000004f0      0x2d0 ./Peripheral/src/ch32v30x_tim.o
 .debug_aranges
                0x00000000000007c0      0x100 ./Peripheral/src/ch32v30x_usart.o
 .debug_aranges
                0x00000000000008c0       0x58 ./Hardware/Motor.o
 .debug_aranges
                0x0000000000000918       0x38 ./Hardware/PCA9685_Init.o
 .debug_aranges
                0x0000000000000950       0x50 ./Hardware/PCA9685_USE.o
 .debug_aranges
                0x00000000000009a0       0x30 ./Hardware/Usart.o
 .debug_aranges
                0x00000000000009d0       0x48 ./Debug/debug.o

.debug_ranges   0x0000000000000000      0x9e8
 .debug_ranges  0x0000000000000000       0x18 ./User/ch32v30x_it.o
 .debug_ranges  0x0000000000000018       0x88 ./User/main.o
 .debug_ranges  0x00000000000000a0       0x38 ./User/system_ch32v30x.o
 .debug_ranges  0x00000000000000d8       0x28 ./Startup/startup_ch32v30x_D8C.o
 .debug_ranges  0x0000000000000100       0x40 ./Peripheral/src/ch32v30x_exti.o
 .debug_ranges  0x0000000000000140       0x98 ./Peripheral/src/ch32v30x_gpio.o
 .debug_ranges  0x00000000000001d8      0x100 ./Peripheral/src/ch32v30x_i2c.o
 .debug_ranges  0x00000000000002d8       0x48 ./Peripheral/src/ch32v30x_misc.o
 .debug_ranges  0x0000000000000320      0x198 ./Peripheral/src/ch32v30x_rcc.o
 .debug_ranges  0x00000000000004b8      0x308 ./Peripheral/src/ch32v30x_tim.o
 .debug_ranges  0x00000000000007c0       0xf0 ./Peripheral/src/ch32v30x_usart.o
 .debug_ranges  0x00000000000008b0       0x48 ./Hardware/Motor.o
 .debug_ranges  0x00000000000008f8       0x28 ./Hardware/PCA9685_Init.o
 .debug_ranges  0x0000000000000920       0x70 ./Hardware/PCA9685_USE.o
 .debug_ranges  0x0000000000000990       0x20 ./Hardware/Usart.o
 .debug_ranges  0x00000000000009b0       0x38 ./Debug/debug.o

.debug_line     0x0000000000000000     0xd4ff
 .debug_line    0x0000000000000000      0x225 ./User/ch32v30x_it.o
 .debug_line    0x0000000000000225     0x1558 ./User/main.o
 .debug_line    0x000000000000177d      0x719 ./User/system_ch32v30x.o
 .debug_line    0x0000000000001e96      0x356 ./Startup/startup_ch32v30x_D8C.o
 .debug_line    0x00000000000021ec      0x5c2 ./Peripheral/src/ch32v30x_exti.o
 .debug_line    0x00000000000027ae      0xd9d ./Peripheral/src/ch32v30x_gpio.o
 .debug_line    0x000000000000354b     0x1153 ./Peripheral/src/ch32v30x_i2c.o
 .debug_line    0x000000000000469e      0x4bc ./Peripheral/src/ch32v30x_misc.o
 .debug_line    0x0000000000004b5a     0x17dd ./Peripheral/src/ch32v30x_rcc.o
 .debug_line    0x0000000000006337     0x3401 ./Peripheral/src/ch32v30x_tim.o
 .debug_line    0x0000000000009738     0x1096 ./Peripheral/src/ch32v30x_usart.o
 .debug_line    0x000000000000a7ce      0xdc2 ./Hardware/Motor.o
 .debug_line    0x000000000000b590      0x53b ./Hardware/PCA9685_Init.o
 .debug_line    0x000000000000bacb      0xdae ./Hardware/PCA9685_USE.o
 .debug_line    0x000000000000c879      0x5ae ./Hardware/Usart.o
 .debug_line    0x000000000000ce27      0x6d8 ./Debug/debug.o

.debug_str      0x0000000000000000     0x31bb
 .debug_str     0x0000000000000000      0x52d ./User/ch32v30x_it.o
                                        0x5a1 (size before relaxing)
 .debug_str     0x000000000000052d      0x568 ./User/main.o
                                        0xafe (size before relaxing)
 .debug_str     0x0000000000000a95       0xef ./User/system_ch32v30x.o
                                        0x69b (size before relaxing)
 .debug_str     0x0000000000000b84       0x2e ./Startup/startup_ch32v30x_D8C.o
                                         0x60 (size before relaxing)
 .debug_str     0x0000000000000bb2      0x1bc ./Peripheral/src/ch32v30x_exti.o
                                        0x778 (size before relaxing)
 .debug_str     0x0000000000000d6e      0x332 ./Peripheral/src/ch32v30x_gpio.o
                                        0x95c (size before relaxing)
 .debug_str     0x00000000000010a0      0x451 ./Peripheral/src/ch32v30x_i2c.o
                                        0xacb (size before relaxing)
 .debug_str     0x00000000000014f1      0x696 ./Peripheral/src/ch32v30x_misc.o
                                        0xca7 (size before relaxing)
 .debug_str     0x0000000000001b87      0x551 ./Peripheral/src/ch32v30x_rcc.o
                                        0xcac (size before relaxing)
 .debug_str     0x00000000000020d8      0xa82 ./Peripheral/src/ch32v30x_tim.o
                                       0x1266 (size before relaxing)
 .debug_str     0x0000000000002b5a      0x3b9 ./Peripheral/src/ch32v30x_usart.o
                                        0xb02 (size before relaxing)
 .debug_str     0x0000000000002f13       0xed ./Hardware/Motor.o
                                       0x1172 (size before relaxing)
 .debug_str     0x0000000000003000       0x39 ./Hardware/PCA9685_Init.o
                                        0x641 (size before relaxing)
 .debug_str     0x0000000000003039       0xc8 ./Hardware/PCA9685_USE.o
                                        0xa3c (size before relaxing)
 .debug_str     0x0000000000003101       0x58 ./Hardware/Usart.o
                                        0xe7e (size before relaxing)
 .debug_str     0x0000000000003159       0x62 ./Debug/debug.o
                                        0x8ea (size before relaxing)

.comment        0x0000000000000000       0x33
 .comment       0x0000000000000000       0x33 ./User/ch32v30x_it.o
                                         0x34 (size before relaxing)
 .comment       0x0000000000000033       0x34 ./User/main.o
 .comment       0x0000000000000033       0x34 ./User/system_ch32v30x.o
 .comment       0x0000000000000033       0x34 ./Peripheral/src/ch32v30x_exti.o
 .comment       0x0000000000000033       0x34 ./Peripheral/src/ch32v30x_gpio.o
 .comment       0x0000000000000033       0x34 ./Peripheral/src/ch32v30x_i2c.o
 .comment       0x0000000000000033       0x34 ./Peripheral/src/ch32v30x_misc.o
 .comment       0x0000000000000033       0x34 ./Peripheral/src/ch32v30x_rcc.o
 .comment       0x0000000000000033       0x34 ./Peripheral/src/ch32v30x_tim.o
 .comment       0x0000000000000033       0x34 ./Peripheral/src/ch32v30x_usart.o
 .comment       0x0000000000000033       0x34 ./Hardware/Motor.o
 .comment       0x0000000000000033       0x34 ./Hardware/PCA9685_Init.o
 .comment       0x0000000000000033       0x34 ./Hardware/PCA9685_USE.o
 .comment       0x0000000000000033       0x34 ./Hardware/Usart.o
 .comment       0x0000000000000033       0x34 ./Debug/debug.o

.debug_frame    0x0000000000000000     0x23fc
 .debug_frame   0x0000000000000000       0x30 ./User/ch32v30x_it.o
 .debug_frame   0x0000000000000030      0x27c ./User/main.o
 .debug_frame   0x00000000000002ac       0x3c ./User/system_ch32v30x.o
 .debug_frame   0x00000000000002e8       0x90 ./Peripheral/src/ch32v30x_exti.o
 .debug_frame   0x0000000000000378      0x150 ./Peripheral/src/ch32v30x_gpio.o
 .debug_frame   0x00000000000004c8      0x25c ./Peripheral/src/ch32v30x_i2c.o
 .debug_frame   0x0000000000000724       0x30 ./Peripheral/src/ch32v30x_misc.o
 .debug_frame   0x0000000000000754      0x340 ./Peripheral/src/ch32v30x_rcc.o
 .debug_frame   0x0000000000000a94      0x66c ./Peripheral/src/ch32v30x_tim.o
 .debug_frame   0x0000000000001100      0x210 ./Peripheral/src/ch32v30x_usart.o
 .debug_frame   0x0000000000001310      0x114 ./Hardware/Motor.o
 .debug_frame   0x0000000000001424       0x88 ./Hardware/PCA9685_Init.o
 .debug_frame   0x00000000000014ac      0x18c ./Hardware/PCA9685_USE.o
 .debug_frame   0x0000000000001638       0x78 ./Hardware/Usart.o
 .debug_frame   0x00000000000016b0       0xa4 ./Debug/debug.o
 .debug_frame   0x0000000000001754       0x4c c:/mounriver/mounriver_studio/toolchain/risc-v embedded gcc/bin/../lib/gcc/riscv-none-embed/8.2.0/../../../../riscv-none-embed/lib/rv32imac/ilp32\libm.a(lib_a-s_floor.o)
 .debug_frame   0x00000000000017a0       0x44 c:/mounriver/mounriver_studio/toolchain/risc-v embedded gcc/bin/../lib/gcc/riscv-none-embed/8.2.0/rv32imac/ilp32\libgcc.a(adddf3.o)
 .debug_frame   0x00000000000017e4       0x50 c:/mounriver/mounriver_studio/toolchain/risc-v embedded gcc/bin/../lib/gcc/riscv-none-embed/8.2.0/rv32imac/ilp32\libgcc.a(divdf3.o)
 .debug_frame   0x0000000000001834       0x20 c:/mounriver/mounriver_studio/toolchain/risc-v embedded gcc/bin/../lib/gcc/riscv-none-embed/8.2.0/rv32imac/ilp32\libgcc.a(gedf2.o)
 .debug_frame   0x0000000000001854       0x54 c:/mounriver/mounriver_studio/toolchain/risc-v embedded gcc/bin/../lib/gcc/riscv-none-embed/8.2.0/rv32imac/ilp32\libgcc.a(muldf3.o)
 .debug_frame   0x00000000000018a8       0x44 c:/mounriver/mounriver_studio/toolchain/risc-v embedded gcc/bin/../lib/gcc/riscv-none-embed/8.2.0/rv32imac/ilp32\libgcc.a(subdf3.o)
 .debug_frame   0x00000000000018ec       0x20 c:/mounriver/mounriver_studio/toolchain/risc-v embedded gcc/bin/../lib/gcc/riscv-none-embed/8.2.0/rv32imac/ilp32\libgcc.a(fixunsdfsi.o)
 .debug_frame   0x000000000000190c       0x38 c:/mounriver/mounriver_studio/toolchain/risc-v embedded gcc/bin/../lib/gcc/riscv-none-embed/8.2.0/rv32imac/ilp32\libgcc.a(floatsidf.o)
 .debug_frame   0x0000000000001944       0x40 c:/mounriver/mounriver_studio/toolchain/risc-v embedded gcc/bin/../lib/gcc/riscv-none-embed/8.2.0/rv32imac/ilp32\libgcc.a(addsf3.o)
 .debug_frame   0x0000000000001984       0x50 c:/mounriver/mounriver_studio/toolchain/risc-v embedded gcc/bin/../lib/gcc/riscv-none-embed/8.2.0/rv32imac/ilp32\libgcc.a(mulsf3.o)
 .debug_frame   0x00000000000019d4       0x20 c:/mounriver/mounriver_studio/toolchain/risc-v embedded gcc/bin/../lib/gcc/riscv-none-embed/8.2.0/rv32imac/ilp32\libgcc.a(fixunssfsi.o)
 .debug_frame   0x00000000000019f4       0x38 c:/mounriver/mounriver_studio/toolchain/risc-v embedded gcc/bin/../lib/gcc/riscv-none-embed/8.2.0/rv32imac/ilp32\libgcc.a(floatsisf.o)
 .debug_frame   0x0000000000001a2c       0x44 c:/mounriver/mounriver_studio/toolchain/risc-v embedded gcc/bin/../lib/gcc/riscv-none-embed/8.2.0/rv32imac/ilp32\libgcc.a(floatunsisf.o)
 .debug_frame   0x0000000000001a70       0x38 c:/mounriver/mounriver_studio/toolchain/risc-v embedded gcc/bin/../lib/gcc/riscv-none-embed/8.2.0/rv32imac/ilp32\libgcc.a(extendsfdf2.o)
 .debug_frame   0x0000000000001aa8       0x20 c:/mounriver/mounriver_studio/toolchain/risc-v embedded gcc/bin/../lib/gcc/riscv-none-embed/8.2.0/rv32imac/ilp32\libgcc.a(truncdfsf2.o)
 .debug_frame   0x0000000000001ac8       0x20 c:/mounriver/mounriver_studio/toolchain/risc-v embedded gcc/bin/../lib/gcc/riscv-none-embed/8.2.0/rv32imac/ilp32\libgcc.a(_clzsi2.o)
 .debug_frame   0x0000000000001ae8       0x54 c:/mounriver/mounriver_studio/toolchain/risc-v embedded gcc/bin/../lib/gcc/riscv-none-embed/8.2.0/../../../../riscv-none-embed/lib/rv32imac/ilp32\libg_nano.a(lib_a-printf.o)
 .debug_frame   0x0000000000001b3c       0x54 c:/mounriver/mounriver_studio/toolchain/risc-v embedded gcc/bin/../lib/gcc/riscv-none-embed/8.2.0/../../../../riscv-none-embed/lib/rv32imac/ilp32\libg_nano.a(lib_a-puts.o)
 .debug_frame   0x0000000000001b90       0x50 c:/mounriver/mounriver_studio/toolchain/risc-v embedded gcc/bin/../lib/gcc/riscv-none-embed/8.2.0/../../../../riscv-none-embed/lib/rv32imac/ilp32\libg_nano.a(lib_a-wbuf.o)
 .debug_frame   0x0000000000001be0       0x3c c:/mounriver/mounriver_studio/toolchain/risc-v embedded gcc/bin/../lib/gcc/riscv-none-embed/8.2.0/../../../../riscv-none-embed/lib/rv32imac/ilp32\libg_nano.a(lib_a-wsetup.o)
 .debug_frame   0x0000000000001c1c       0x7c c:/mounriver/mounriver_studio/toolchain/risc-v embedded gcc/bin/../lib/gcc/riscv-none-embed/8.2.0/../../../../riscv-none-embed/lib/rv32imac/ilp32\libg_nano.a(lib_a-fflush.o)
 .debug_frame   0x0000000000001c98      0x148 c:/mounriver/mounriver_studio/toolchain/risc-v embedded gcc/bin/../lib/gcc/riscv-none-embed/8.2.0/../../../../riscv-none-embed/lib/rv32imac/ilp32\libg_nano.a(lib_a-findfp.o)
 .debug_frame   0x0000000000001de0       0x88 c:/mounriver/mounriver_studio/toolchain/risc-v embedded gcc/bin/../lib/gcc/riscv-none-embed/8.2.0/../../../../riscv-none-embed/lib/rv32imac/ilp32\libg_nano.a(lib_a-fwalk.o)
 .debug_frame   0x0000000000001e68       0x64 c:/mounriver/mounriver_studio/toolchain/risc-v embedded gcc/bin/../lib/gcc/riscv-none-embed/8.2.0/../../../../riscv-none-embed/lib/rv32imac/ilp32\libg_nano.a(lib_a-makebuf.o)
 .debug_frame   0x0000000000001ecc       0x40 c:/mounriver/mounriver_studio/toolchain/risc-v embedded gcc/bin/../lib/gcc/riscv-none-embed/8.2.0/../../../../riscv-none-embed/lib/rv32imac/ilp32\libg_nano.a(lib_a-nano-freer.o)
 .debug_frame   0x0000000000001f0c       0x40 c:/mounriver/mounriver_studio/toolchain/risc-v embedded gcc/bin/../lib/gcc/riscv-none-embed/8.2.0/../../../../riscv-none-embed/lib/rv32imac/ilp32\libg_nano.a(lib_a-nano-mallocr.o)
 .debug_frame   0x0000000000001f4c       0xd0 c:/mounriver/mounriver_studio/toolchain/risc-v embedded gcc/bin/../lib/gcc/riscv-none-embed/8.2.0/../../../../riscv-none-embed/lib/rv32imac/ilp32\libg_nano.a(lib_a-nano-vfprintf.o)
 .debug_frame   0x000000000000201c       0x8c c:/mounriver/mounriver_studio/toolchain/risc-v embedded gcc/bin/../lib/gcc/riscv-none-embed/8.2.0/../../../../riscv-none-embed/lib/rv32imac/ilp32\libg_nano.a(lib_a-nano-vfprintf_i.o)
 .debug_frame   0x00000000000020a8       0x30 c:/mounriver/mounriver_studio/toolchain/risc-v embedded gcc/bin/../lib/gcc/riscv-none-embed/8.2.0/../../../../riscv-none-embed/lib/rv32imac/ilp32\libg_nano.a(lib_a-sbrkr.o)
 .debug_frame   0x00000000000020d8       0xa4 c:/mounriver/mounriver_studio/toolchain/risc-v embedded gcc/bin/../lib/gcc/riscv-none-embed/8.2.0/../../../../riscv-none-embed/lib/rv32imac/ilp32\libg_nano.a(lib_a-stdio.o)
 .debug_frame   0x000000000000217c       0x30 c:/mounriver/mounriver_studio/toolchain/risc-v embedded gcc/bin/../lib/gcc/riscv-none-embed/8.2.0/../../../../riscv-none-embed/lib/rv32imac/ilp32\libg_nano.a(lib_a-writer.o)
 .debug_frame   0x00000000000021ac       0x30 c:/mounriver/mounriver_studio/toolchain/risc-v embedded gcc/bin/../lib/gcc/riscv-none-embed/8.2.0/../../../../riscv-none-embed/lib/rv32imac/ilp32\libg_nano.a(lib_a-closer.o)
 .debug_frame   0x00000000000021dc       0x30 c:/mounriver/mounriver_studio/toolchain/risc-v embedded gcc/bin/../lib/gcc/riscv-none-embed/8.2.0/../../../../riscv-none-embed/lib/rv32imac/ilp32\libg_nano.a(lib_a-fstatr.o)
 .debug_frame   0x000000000000220c       0x30 c:/mounriver/mounriver_studio/toolchain/risc-v embedded gcc/bin/../lib/gcc/riscv-none-embed/8.2.0/../../../../riscv-none-embed/lib/rv32imac/ilp32\libg_nano.a(lib_a-isattyr.o)
 .debug_frame   0x000000000000223c       0x30 c:/mounriver/mounriver_studio/toolchain/risc-v embedded gcc/bin/../lib/gcc/riscv-none-embed/8.2.0/../../../../riscv-none-embed/lib/rv32imac/ilp32\libg_nano.a(lib_a-lseekr.o)
 .debug_frame   0x000000000000226c       0x20 c:/mounriver/mounriver_studio/toolchain/risc-v embedded gcc/bin/../lib/gcc/riscv-none-embed/8.2.0/../../../../riscv-none-embed/lib/rv32imac/ilp32\libg_nano.a(lib_a-memchr.o)
 .debug_frame   0x000000000000228c       0x30 c:/mounriver/mounriver_studio/toolchain/risc-v embedded gcc/bin/../lib/gcc/riscv-none-embed/8.2.0/../../../../riscv-none-embed/lib/rv32imac/ilp32\libg_nano.a(lib_a-mlock.o)
 .debug_frame   0x00000000000022bc       0x30 c:/mounriver/mounriver_studio/toolchain/risc-v embedded gcc/bin/../lib/gcc/riscv-none-embed/8.2.0/../../../../riscv-none-embed/lib/rv32imac/ilp32\libg_nano.a(lib_a-readr.o)
 .debug_frame   0x00000000000022ec       0x70 c:/mounriver/mounriver_studio/toolchain/risc-v embedded gcc/bin/../lib/gcc/riscv-none-embed/8.2.0/../../../../riscv-none-embed/lib/rv32imac/ilp32\libg_nano.a(lib_a-reent.o)
 .debug_frame   0x000000000000235c       0x20 c:/mounriver/mounriver_studio/toolchain/risc-v embedded gcc/bin/../lib/gcc/riscv-none-embed/8.2.0/../../../../riscv-none-embed/lib/rv32imac/ilp32\libnosys.a(close.o)
 .debug_frame   0x000000000000237c       0x20 c:/mounriver/mounriver_studio/toolchain/risc-v embedded gcc/bin/../lib/gcc/riscv-none-embed/8.2.0/../../../../riscv-none-embed/lib/rv32imac/ilp32\libnosys.a(fstat.o)
 .debug_frame   0x000000000000239c       0x20 c:/mounriver/mounriver_studio/toolchain/risc-v embedded gcc/bin/../lib/gcc/riscv-none-embed/8.2.0/../../../../riscv-none-embed/lib/rv32imac/ilp32\libnosys.a(isatty.o)
 .debug_frame   0x00000000000023bc       0x20 c:/mounriver/mounriver_studio/toolchain/risc-v embedded gcc/bin/../lib/gcc/riscv-none-embed/8.2.0/../../../../riscv-none-embed/lib/rv32imac/ilp32\libnosys.a(lseek.o)
 .debug_frame   0x00000000000023dc       0x20 c:/mounriver/mounriver_studio/toolchain/risc-v embedded gcc/bin/../lib/gcc/riscv-none-embed/8.2.0/../../../../riscv-none-embed/lib/rv32imac/ilp32\libnosys.a(read.o)

.debug_loc      0x0000000000000000     0x4897
 .debug_loc     0x0000000000000000       0xe5 ./User/main.o
 .debug_loc     0x00000000000000e5       0xe5 ./User/system_ch32v30x.o
 .debug_loc     0x00000000000001ca      0x181 ./Peripheral/src/ch32v30x_exti.o
 .debug_loc     0x000000000000034b      0x67b ./Peripheral/src/ch32v30x_gpio.o
 .debug_loc     0x00000000000009c6      0x726 ./Peripheral/src/ch32v30x_i2c.o
 .debug_loc     0x00000000000010ec       0xce ./Peripheral/src/ch32v30x_misc.o
 .debug_loc     0x00000000000011ba      0xa54 ./Peripheral/src/ch32v30x_rcc.o
 .debug_loc     0x0000000000001c0e     0x1b0c ./Peripheral/src/ch32v30x_tim.o
 .debug_loc     0x000000000000371a      0x7f8 ./Peripheral/src/ch32v30x_usart.o
 .debug_loc     0x0000000000003f12       0xc6 ./Hardware/Motor.o
 .debug_loc     0x0000000000003fd8      0x648 ./Hardware/PCA9685_USE.o
 .debug_loc     0x0000000000004620       0xcf ./Hardware/Usart.o
 .debug_loc     0x00000000000046ef      0x1a8 ./Debug/debug.o

.stab           0x0000000000000000       0x84
 .stab          0x0000000000000000       0x24 c:/mounriver/mounriver_studio/toolchain/risc-v embedded gcc/bin/../lib/gcc/riscv-none-embed/8.2.0/../../../../riscv-none-embed/lib/rv32imac/ilp32\libnosys.a(close.o)
 .stab          0x0000000000000024       0x18 c:/mounriver/mounriver_studio/toolchain/risc-v embedded gcc/bin/../lib/gcc/riscv-none-embed/8.2.0/../../../../riscv-none-embed/lib/rv32imac/ilp32\libnosys.a(fstat.o)
                                         0x24 (size before relaxing)
 .stab          0x000000000000003c       0x18 c:/mounriver/mounriver_studio/toolchain/risc-v embedded gcc/bin/../lib/gcc/riscv-none-embed/8.2.0/../../../../riscv-none-embed/lib/rv32imac/ilp32\libnosys.a(isatty.o)
                                         0x24 (size before relaxing)
 .stab          0x0000000000000054       0x18 c:/mounriver/mounriver_studio/toolchain/risc-v embedded gcc/bin/../lib/gcc/riscv-none-embed/8.2.0/../../../../riscv-none-embed/lib/rv32imac/ilp32\libnosys.a(lseek.o)
                                         0x24 (size before relaxing)
 .stab          0x000000000000006c       0x18 c:/mounriver/mounriver_studio/toolchain/risc-v embedded gcc/bin/../lib/gcc/riscv-none-embed/8.2.0/../../../../riscv-none-embed/lib/rv32imac/ilp32\libnosys.a(read.o)
                                         0x24 (size before relaxing)

.stabstr        0x0000000000000000      0x117
 .stabstr       0x0000000000000000      0x117 c:/mounriver/mounriver_studio/toolchain/risc-v embedded gcc/bin/../lib/gcc/riscv-none-embed/8.2.0/../../../../riscv-none-embed/lib/rv32imac/ilp32\libnosys.a(close.o)
